2026-05-25 13:33:28 | INFO  | utils.seed | Seed set to 42
2026-05-25 13:33:28 | INFO  | training.train | Starting training
2026-05-25 13:33:29 | INFO  | training.train | Using device: cuda
2026-05-25 13:33:29 | INFO  | models.architectures | Model efficientnet_b0 with 25 classes created succesfully.
2026-05-25 13:33:29 | INFO  | utils.data | Dataloaders ready — train: 3825 samples, val: 467 samples, test: 502 samples
2026-05-25 13:33:29 | INFO  | training.train | Advanced metrics are active
2026-05-25 13:33:29 | INFO  | training.train | Saving to disk is active
2026-05-25 13:33:50 | INFO  | training.train | Epoch [1/50]  Train — loss: 2.5019  acc: 0.3459  |  Val — loss: 1.7162  acc: 0.5161
2026-05-25 13:33:50 | INFO  | training.train | Epoch [1/50]  Adv — precision: 0.4583  recall: 0.4168  f1: 0.3919
2026-05-25 13:33:51 | INFO  | training.train | Checkpoint saved — val_loss improved to 1.7162
2026-05-25 13:34:07 | INFO  | training.train | Epoch [2/50]  Train — loss: 1.3806  acc: 0.6178  |  Val — loss: 1.1443  acc: 0.6617
2026-05-25 13:34:07 | INFO  | training.train | Epoch [2/50]  Adv — precision: 0.5707  recall: 0.5674  f1: 0.5521
2026-05-25 13:34:07 | INFO  | training.train | Checkpoint saved — val_loss improved to 1.1443
2026-05-25 13:34:23 | INFO  | training.train | Epoch [3/50]  Train — loss: 0.9102  acc: 0.7425  |  Val — loss: 0.9075  acc: 0.7281
2026-05-25 13:34:23 | INFO  | training.train | Epoch [3/50]  Adv — precision: 0.6886  recall: 0.6487  f1: 0.6427
2026-05-25 13:34:23 | INFO  | training.train | Checkpoint saved — val_loss improved to 0.9075
2026-05-25 13:34:39 | INFO  | training.train | Epoch [4/50]  Train — loss: 0.6485  acc: 0.8120  |  Val — loss: 0.8154  acc: 0.7559
2026-05-25 13:34:39 | INFO  | training.train | Epoch [4/50]  Adv — precision: 0.7748  recall: 0.6933  f1: 0.6976
2026-05-25 13:34:39 | INFO  | training.train | Checkpoint saved — val_loss improved to 0.8154
2026-05-25 13:34:55 | INFO  | training.train | Epoch [5/50]  Train — loss: 0.4686  acc: 0.8724  |  Val — loss: 0.7705  acc: 0.7537
2026-05-25 13:34:55 | INFO  | training.train | Epoch [5/50]  Adv — precision: 0.7614  recall: 0.6932  f1: 0.7013
2026-05-25 13:34:55 | INFO  | training.train | Checkpoint saved — val_loss improved to 0.7705
2026-05-25 13:35:11 | INFO  | training.train | Epoch [6/50]  Train — loss: 0.3095  acc: 0.9158  |  Val — loss: 0.7162  acc: 0.7773
2026-05-25 13:35:11 | INFO  | training.train | Epoch [6/50]  Adv — precision: 0.7646  recall: 0.7264  f1: 0.7278
2026-05-25 13:35:11 | INFO  | training.train | Checkpoint saved — val_loss improved to 0.7162
2026-05-25 13:35:27 | INFO  | training.train | Epoch [7/50]  Train — loss: 0.2381  acc: 0.9412  |  Val — loss: 0.6788  acc: 0.8073
2026-05-25 13:35:27 | INFO  | training.train | Epoch [7/50]  Adv — precision: 0.7988  recall: 0.7694  f1: 0.7749
2026-05-25 13:35:27 | INFO  | training.train | Checkpoint saved — val_loss improved to 0.6788
2026-05-25 13:35:43 | INFO  | training.train | Epoch [8/50]  Train — loss: 0.1631  acc: 0.9582  |  Val — loss: 0.7219  acc: 0.7880
2026-05-25 13:35:43 | INFO  | training.train | Epoch [8/50]  Adv — precision: 0.7945  recall: 0.7530  f1: 0.7559
2026-05-25 13:36:00 | INFO  | training.train | Epoch [9/50]  Train — loss: 0.1326  acc: 0.9705  |  Val — loss: 0.7399  acc: 0.7880
2026-05-25 13:36:00 | INFO  | training.train | Epoch [9/50]  Adv — precision: 0.7732  recall: 0.7567  f1: 0.7538
2026-05-25 13:36:15 | INFO  | training.train | Epoch [10/50]  Train — loss: 0.1015  acc: 0.9720  |  Val — loss: 0.7466  acc: 0.7880
2026-05-25 13:36:15 | INFO  | training.train | Epoch [10/50]  Adv — precision: 0.7644  recall: 0.7522  f1: 0.7518
2026-05-25 13:36:16 | INFO  | training.train | Checkpoint saved at epoch 10
2026-05-25 13:36:31 | INFO  | training.train | Epoch [11/50]  Train — loss: 0.0837  acc: 0.9767  |  Val — loss: 0.7832  acc: 0.7944
2026-05-25 13:36:31 | INFO  | training.train | Epoch [11/50]  Adv — precision: 0.7872  recall: 0.7618  f1: 0.7646
2026-05-25 13:36:47 | INFO  | training.train | Epoch [12/50]  Train — loss: 0.0733  acc: 0.9786  |  Val — loss: 0.7889  acc: 0.7901
2026-05-25 13:36:47 | INFO  | training.train | Epoch [12/50]  Adv — precision: 0.7818  recall: 0.7584  f1: 0.7582
2026-05-25 13:37:03 | INFO  | training.train | Epoch [13/50]  Train — loss: 0.0590  acc: 0.9835  |  Val — loss: 0.8068  acc: 0.7837
2026-05-25 13:37:03 | INFO  | training.train | Epoch [13/50]  Adv — precision: 0.7840  recall: 0.7513  f1: 0.7504
2026-05-25 13:37:19 | INFO  | training.train | Epoch [14/50]  Train — loss: 0.0508  acc: 0.9856  |  Val — loss: 0.7671  acc: 0.7901
2026-05-25 13:37:19 | INFO  | training.train | Epoch [14/50]  Adv — precision: 0.7805  recall: 0.7588  f1: 0.7633
2026-05-25 13:37:35 | INFO  | training.train | Epoch [15/50]  Train — loss: 0.0502  acc: 0.9838  |  Val — loss: 0.7679  acc: 0.8030
2026-05-25 13:37:35 | INFO  | training.train | Epoch [15/50]  Adv — precision: 0.7865  recall: 0.7767  f1: 0.7794
2026-05-25 13:37:50 | INFO  | training.train | Epoch [16/50]  Train — loss: 0.0432  acc: 0.9867  |  Val — loss: 0.7833  acc: 0.7944
2026-05-25 13:37:50 | INFO  | training.train | Epoch [16/50]  Adv — precision: 0.7791  recall: 0.7637  f1: 0.7661
2026-05-25 13:38:06 | INFO  | training.train | Epoch [17/50]  Train — loss: 0.0403  acc: 0.9854  |  Val — loss: 0.7804  acc: 0.7901
2026-05-25 13:38:06 | INFO  | training.train | Epoch [17/50]  Adv — precision: 0.7613  recall: 0.7558  f1: 0.7508
2026-05-25 13:38:06 | INFO  | training.train | Early stopping at epoch 17 — no improvement for 10 epochs
2026-05-25 13:38:06 | INFO  | training.train | Last model and history saved to experiments/exp006/checkpoints
2026-05-25 13:38:06 | INFO  | training.train | Training complete
2026-05-25 13:38:06 | INFO  | utils.plotting | Plotting training metrics
2026-05-25 13:38:06 | INFO  | utils.plotting | Plotting training loss
2026-05-25 13:38:07 | INFO  | utils.plotting | Plotting validation loss
2026-05-25 13:38:07 | INFO  | utils.plotting | Figure saved to experiments/exp006/visualisation/train/loss_curve
2026-05-25 13:38:07 | INFO  | utils.plotting | Plotting training accuracy
2026-05-25 13:38:07 | INFO  | utils.plotting | Plotting validation accuracy
2026-05-25 13:38:07 | INFO  | utils.plotting | Figure saved to experiments/exp006/visualisation/train/accuracy_curve
2026-05-25 13:38:07 | INFO  | utils.plotting | Plotting training curves
2026-05-25 13:38:07 | INFO  | utils.plotting | Plotting validation curves
2026-05-25 13:38:08 | INFO  | utils.plotting | Figure saved to experiments/exp006/visualisation/train/training_curves
2026-05-25 13:38:08 | INFO  | utils.plotting | Plotting advanced training metrics is active
2026-05-25 13:38:08 | INFO  | utils.plotting | Plotting macro averaged advanced metrics (precision, recall and F1)
2026-05-25 13:38:08 | INFO  | utils.plotting | Figure saved to experiments/exp006/visualisation/train/macro_advanced_metrics
2026-05-25 13:38:08 | INFO  | utils.plotting | Plotting confusion matrix
2026-05-25 13:38:10 | INFO  | utils.plotting | Figure saved to experiments/exp006/visualisation/train/confusion_matrix
2026-05-25 13:38:10 | INFO  | utils.data | Dataloaders ready — train: 3825 samples, val: 467 samples, test: 502 samples
2026-05-25 13:38:12 | INFO  | training.test | Advanced metrics are active
2026-05-25 13:38:12 | INFO  | training.test | Test metrics saved to experiments/exp006
2026-05-25 13:38:12 | INFO  | utils.plotting | Plotting training metrics
2026-05-25 13:38:12 | INFO  | utils.plotting | Plotting per class advanced metrics (precision, recall and F1)
2026-05-25 13:38:14 | INFO  | utils.plotting | Figure saved to experiments/exp006/visualisation/test/class_metrics
2026-05-25 13:38:14 | INFO  | utils.plotting | Plotting confusion matrix
2026-05-25 13:38:15 | INFO  | utils.plotting | Figure saved to experiments/exp006/visualisation/test/confusion_matrix
